// Jest Snapshot v1, https://goo.gl/fbAQLP

exports[`about Search about rendering matches snapshot 1`] = `
<form
  className="search"
>
  <input
    type="text"
  />
  <input
    type="submit"
    value="Search"
  />
</form>
`;
