// Jest Snapshot v1, https://goo.gl/fbAQLP

exports[`about App matches snapshot 1`] = `
<Fragment>
  <Search
    handleChange={[Function]}
    handleSubmit={[Function]}
    value=""
  />
  <PostsList />
</Fragment>
`;
